// Jest Snapshot v1, https://goo.gl/fbAQLP

exports[`HeaderImage.vue should match the snapshot 1`] = `<div id="top-logo-vue-banner" class="bg-light" style="height: 200px;"><span class="mg-top-logo-helper"></span> <a href="/"><img id="logo-top" alt="" src="https://my/image.png" class="logo-top" style="max-height: 200px;"></a></div>`;
